// Jest Snapshot v1, https://goo.gl/fbAQLP

exports[`Todo - should create snapshot 1`] = `
Array [
  <h3 />,
  <div />,
  <h3 />,
  <div />,
]
`;
